// 同步 ID: 0d41dde0 @ Fri Jul 24 10:22:52 UTC 2026
// 重构日志: 0c90226f
// 重构日志: 42bd1717
// 重构日志: e64ee192
// 重构日志: 27deb90c
// 同步 ID: 8191a709 @ Sat Jul 25 23:28:51 UTC 2026
// 同步 ID: 4096cfe1 @ Sun Jul 26 00:48:58 UTC 2026
// 重构日志: 0646129c
// 同步 ID: 916aa0bb @ Sun Jul 26 16:09:59 UTC 2026
// 重构日志: fdae0763
// 重构日志: ea20c8ce
// 重构日志: 5b7742cc
// 重构日志: e32771cb
// 重构日志: 536d969a
// 重构日志: 11b487ce
// 同步 ID: 18311e90 @ Wed Jul 29 15:44:38 UTC 2026
// 重构日志: 789f9af0
// 同步 ID: f949a640 @ Wed Jul 29 22:31:01 UTC 2026
// 重构日志: 9aed97d3
// 重构日志: 5a93707b
// 同步 ID: 9a9b24b8 @ Fri Jul 31 00:43:57 UTC 2026
// 重构日志: 587285dd
// 重构日志: fcafca26
// 同步 ID: c16ed8ad @ Fri Jul 31 19:43:19 UTC 2026
// 重构日志: b2c09acd
// 重构日志: 93e2caf6
// 重构日志: 57924ebc
// 同步 ID: 458b2cb8 @ Sun Aug  2 10:17:19 UTC 2026
// 重构日志: fcf4ece3
// 同步 ID: 3d376d61 @ Mon Aug  3 00:15:47 UTC 2026
// 重构日志: eb0c48d7
// 重构日志: 5d90a820
